--------- beginning of main
05-25 19:38:54.092 W/System.err(11374): java.lang.IllegalArgumentException: HEADER_RECEIVER input parameter
05-25 19:38:54.092 W/System.err(11374): 	at ly10.c(Unknown Source:247)
05-25 19:38:54.092 W/System.err(11374): 	at com.samsung.android.app.shealth.home.wearable.HomeWearableBroadCastReceiver.onReceive(Unknown Source:148)
05-25 19:38:54.092 W/System.err(11374): 	at android.app.ActivityThread.handleReceiver(ActivityThread.java:4906)
05-25 19:38:54.092 W/System.err(11374): 	at android.app.ActivityThread.-$$Nest$mhandleReceiver(Unknown Source:0)
05-25 19:38:54.092 W/System.err(11374): 	at android.app.ActivityThread$H.handleMessage(ActivityThread.java:2551)
05-25 19:38:54.092 W/System.err(11374): 	at android.os.Handler.dispatchMessage(Handler.java:112)
05-25 19:38:54.092 W/System.err(11374): 	at android.os.Looper.loopOnce(Looper.java:268)
05-25 19:38:54.092 W/System.err(11374): 	at android.os.Looper.loop(Looper.java:384)
05-25 19:38:54.092 W/System.err(11374): 	at android.app.ActivityThread.main(ActivityThread.java:8936)
05-25 19:38:54.092 W/System.err(11374): 	at java.lang.reflect.Method.invoke(Native Method)
05-25 19:38:54.092 W/System.err(11374): 	at com.android.internal.os.RuntimeInit$MethodAndArgsCaller.run(RuntimeInit.java:580)
05-25 19:38:54.092 W/System.err(11374): 	at com.android.internal.os.ZygoteInit.main(ZygoteInit.java:907)
05-25 19:38:54.105 W/System.err( 5818): android.content.pm.PackageManager$NameNotFoundException: com.dazn
05-25 19:38:54.106 W/System.err( 5818): 	at android.app.ApplicationPackageManager.getPackageInfoAsUser(ApplicationPackageManager.java:277)
05-25 19:38:54.106 W/System.err( 5818): 	at android.app.ApplicationPackageManager.getPackageInfo(ApplicationPackageManager.java:237)
05-25 19:38:54.106 W/System.err( 5818): 	at Aa.a.q(Unknown Source:0)
05-25 19:38:54.106 W/System.err( 5818): 	at com.samsung.wearable.hostmanager.notification.util.Utils.isPackageInstalledOnPhone(Unknown Source:61)
05-25 19:38:54.106 W/System.err( 5818): 	at com.samsung.wearable.hostmanager.notification.NotificationHandler.readAppListFromDb(Unknown Source:149)
05-25 19:38:54.106 W/System.err( 5818): 	at com.samsung.wearable.hostmanager.notification.NotificationHandler.handleMessage(Unknown Source:725)
05-25 19:38:54.106 W/System.err( 5818): 	at android.os.Handler.dispatchMessage(Handler.java:112)
05-25 19:38:54.106 W/System.err( 5818): 	at android.os.Looper.loopOnce(Looper.java:268)
05-25 19:38:54.106 W/System.err( 5818): 	at android.os.Looper.loop(Looper.java:384)
05-25 19:38:54.106 W/System.err( 5818): 	at android.os.HandlerThread.run(HandlerThread.java:103)
05-25 19:38:54.106 W/System.err( 5818): android.content.pm.PackageManager$NameNotFoundException: com.puzzlegames.puzzlebrickslegend
05-25 19:38:54.107 W/System.err( 5818): 	at android.app.ApplicationPackageManager.getPackageInfoAsUser(ApplicationPackageManager.java:277)
05-25 19:38:54.107 W/System.err( 5818): 	at android.app.ApplicationPackageManager.getPackageInfo(ApplicationPackageManager.java:237)
05-25 19:38:54.107 W/System.err( 5818): 	at Aa.a.q(Unknown Source:0)
05-25 19:38:54.107 W/System.err( 5818): 	at com.samsung.wearable.hostmanager.notification.util.Utils.isPackageInstalledOnPhone(Unknown Source:61)
05-25 19:38:54.107 W/System.err( 5818): 	at com.samsung.wearable.hostmanager.notification.NotificationHandler.readAppListFromDb(Unknown Source:149)
05-25 19:38:54.107 W/System.err( 5818): 	at com.samsung.wearable.hostmanager.notification.NotificationHandler.handleMessage(Unknown Source:725)
05-25 19:38:54.107 W/System.err( 5818): 	at android.os.Handler.dispatchMessage(Handler.java:112)
05-25 19:38:54.107 W/System.err( 5818): 	at android.os.Looper.loopOnce(Looper.java:268)
05-25 19:38:54.107 W/System.err( 5818): 	at android.os.Looper.loop(Looper.java:384)
05-25 19:38:54.107 W/System.err( 5818): 	at android.os.HandlerThread.run(HandlerThread.java:103)
05-25 19:38:54.109 W/System.err( 5818): android.content.pm.PackageManager$NameNotFoundException: com.nebula.mahjongtile
05-25 19:38:54.109 W/System.err( 5818): 	at android.app.ApplicationPackageManager.getPackageInfoAsUser(ApplicationPackageManager.java:277)
05-25 19:38:54.109 W/System.err( 5818): 	at android.app.ApplicationPackageManager.getPackageInfo(ApplicationPackageManager.java:237)
05-25 19:38:54.109 W/System.err( 5818): 	at Aa.a.q(Unknown Source:0)
05-25 19:38:54.109 W/System.err( 5818): 	at com.samsung.wearable.hostmanager.notification.util.Utils.isPackageInstalledOnPhone(Unknown Source:61)
05-25 19:38:54.109 W/System.err( 5818): 	at com.samsung.wearable.hostmanager.notification.NotificationHandler.readAppListFromDb(Unknown Source:149)
05-25 19:38:54.109 W/System.err( 5818): 	at com.samsung.wearable.hostmanager.notification.NotificationHandler.handleMessage(Unknown Source:725)
05-25 19:38:54.109 W/System.err( 5818): 	at android.os.Handler.dispatchMessage(Handler.java:112)
05-25 19:38:54.109 W/System.err( 5818): 	at android.os.Looper.loopOnce(Looper.java:268)
05-25 19:38:54.109 W/System.err( 5818): 	at android.os.Looper.loop(Looper.java:384)
05-25 19:38:54.109 W/System.err( 5818): 	at android.os.HandlerThread.run(HandlerThread.java:103)
05-25 19:38:54.114 W/System.err( 5818): android.content.pm.PackageManager$NameNotFoundException: com.koba.d1
05-25 19:38:54.114 W/System.err( 5818): 	at android.app.ApplicationPackageManager.getPackageInfoAsUser(ApplicationPackageManager.java:277)
05-25 19:38:54.114 W/System.err( 5818): 	at android.app.ApplicationPackageManager.getPackageInfo(ApplicationPackageManager.java:237)
05-25 19:38:54.114 W/System.err( 5818): 	at Aa.a.q(Unknown Source:0)
05-25 19:38:54.114 W/System.err( 5818): 	at com.samsung.wearable.hostmanager.notification.util.Utils.isPackageInstalledOnPhone(Unknown Source:61)
05-25 19:38:54.114 W/System.err( 5818): 	at com.samsung.wearable.hostmanager.notification.NotificationHandler.readAppListFromDb(Unknown Source:149)
05-25 19:38:54.114 W/System.err( 5818): 	at com.samsung.wearable.hostmanager.notification.NotificationHandler.handleMessage(Unknown Source:725)
05-25 19:38:54.114 W/System.err( 5818): 	at android.os.Handler.dispatchMessage(Handler.java:112)
05-25 19:38:54.114 W/System.err( 5818): 	at android.os.Looper.loopOnce(Looper.java:268)
05-25 19:38:54.114 W/System.err( 5818): 	at android.os.Looper.loop(Looper.java:384)
05-25 19:38:54.114 W/System.err( 5818): 	at android.os.HandlerThread.run(HandlerThread.java:103)
05-25 19:38:54.129 W/System.err( 5818): android.content.pm.PackageManager$NameNotFoundException: com.motorola.ccc.ota
05-25 19:38:54.129 W/System.err( 5818): 	at android.app.ApplicationPackageManager.getPackageInfoAsUser(ApplicationPackageManager.java:277)
05-25 19:38:54.129 W/System.err( 5818): 	at android.app.ApplicationPackageManager.getPackageInfo(ApplicationPackageManager.java:237)
05-25 19:38:54.129 W/System.err( 5818): 	at Aa.a.q(Unknown Source:0)
05-25 19:38:54.129 W/System.err( 5818): 	at com.samsung.wearable.hostmanager.notification.util.Utils.isPackageInstalledOnPhone(Unknown Source:61)
05-25 19:38:54.129 W/System.err( 5818): 	at com.samsung.wearable.hostmanager.notification.NotificationHandler.readAppListFromDb(Unknown Source:149)
05-25 19:38:54.129 W/System.err( 5818): 	at com.samsung.wearable.hostmanager.notification.NotificationHandler.handleMessage(Unknown Source:725)
05-25 19:38:54.129 W/System.err( 5818): 	at android.os.Handler.dispatchMessage(Handler.java:112)
05-25 19:38:54.129 W/System.err( 5818): 	at android.os.Looper.loopOnce(Looper.java:268)
05-25 19:38:54.129 W/System.err( 5818): 	at android.os.Looper.loop(Looper.java:384)
05-25 19:38:54.129 W/System.err( 5818): 	at android.os.HandlerThread.run(HandlerThread.java:103)
05-25 19:38:54.134 W/System.err( 5818): android.content.pm.PackageManager$NameNotFoundException: com.motorola.actions
05-25 19:38:54.134 W/System.err( 5818): 	at android.app.ApplicationPackageManager.getPackageInfoAsUser(ApplicationPackageManager.java:277)
05-25 19:38:54.134 W/System.err( 5818): 	at android.app.ApplicationPackageManager.getPackageInfo(ApplicationPackageManager.java:237)
05-25 19:38:54.134 W/System.err( 5818): 	at Aa.a.q(Unknown Source:0)
05-25 19:38:54.134 W/System.err( 5818): 	at com.samsung.wearable.hostmanager.notification.util.Utils.isPackageInstalledOnPhone(Unknown Source:61)
05-25 19:38:54.134 W/System.err( 5818): 	at com.samsung.wearable.hostmanager.notification.NotificationHandler.readAppListFromDb(Unknown Source:149)
05-25 19:38:54.134 W/System.err( 5818): 	at com.samsung.wearable.hostmanager.notification.NotificationHandler.handleMessage(Unknown Source:725)
05-25 19:38:54.134 W/System.err( 5818): 	at android.os.Handler.dispatchMessage(Handler.java:112)
05-25 19:38:54.134 W/System.err( 5818): 	at android.os.Looper.loopOnce(Looper.java:268)
05-25 19:38:54.134 W/System.err( 5818): 	at android.os.Looper.loop(Looper.java:384)
05-25 19:38:54.134 W/System.err( 5818): 	at android.os.HandlerThread.run(HandlerThread.java:103)
05-25 19:38:55.276 D/EnglishCarDiagnostics(11995): 19:38:55.273 Activity: onCreate
05-25 19:38:55.335 D/EnglishCarDiagnostics(11995): 19:38:55.333 Activity: onStart
05-25 19:38:55.607 D/EnglishCarDiagnostics(11995): 19:38:55.606 TTS: warmUp requested
05-25 19:38:55.623 D/EnglishCarDiagnostics(11995): 19:38:55.622 TTS: ensureReady init start
05-25 19:38:56.414 W/System.err( 5818): B4.F: lateinit property sleepScheduleInitValue has not been initialized
05-25 19:38:56.414 W/System.err( 5818): 	at com.samsung.wearable.hostmanager.modes.ModesCompanion$1.sleepScheduleInitValue(Unknown Source:11)
05-25 19:38:56.414 W/System.err( 5818): 	at com.samsung.wearable.hostmanager.modes.ModesCompanionLinker.getSleepScheduleInitValue(Unknown Source:4)
05-25 19:38:56.414 W/System.err( 5818): 	at com.samsung.wearable.hostmanager.setting.receiver.PacketParser.parseResFullSettingsDataForFit3(Unknown Source:1174)
05-25 19:38:56.414 W/System.err( 5818): 	at com.samsung.wearable.hostmanager.setting.receiver.PacketParser.parseData(Unknown Source:457)
05-25 19:38:56.414 W/System.err( 5818): 	at com.samsung.wearable.hostmanager.setting.receiver.PacketParser.a(Unknown Source:0)
05-25 19:38:56.414 W/System.err( 5818): 	at com.samsung.wearable.hostmanager.setting.receiver.PacketParser$1.handleMessage(Unknown Source:41)
05-25 19:38:56.414 W/System.err( 5818): 	at android.os.Handler.dispatchMessage(Handler.java:112)
05-25 19:38:56.414 W/System.err( 5818): 	at android.os.Looper.loopOnce(Looper.java:268)
05-25 19:38:56.414 W/System.err( 5818): 	at android.os.Looper.loop(Looper.java:384)
05-25 19:38:56.414 W/System.err( 5818): 	at com.samsung.wearable.hostmanager.setting.receiver.PacketParser.run(Unknown Source:10)
05-25 19:38:56.875 D/EnglishCarDiagnostics(11995): 19:38:56.875 TTS: ensureReady init result status=0 ready=true
05-25 19:39:26.827 W/System.err( 5818): java.io.IOException: Stream Closed
05-25 19:39:26.827 W/System.err( 5818): 	at java.io.FileOutputStream.write(FileOutputStream.java:428)
05-25 19:39:26.827 W/System.err( 5818): 	at java.io.DataOutputStream.write(DataOutputStream.java:107)
05-25 19:39:26.827 W/System.err( 5818): 	at java.io.DataOutputStream.writeUTF(DataOutputStream.java:401)
05-25 19:39:26.827 W/System.err( 5818): 	at java.io.DataOutputStream.writeUTF(DataOutputStream.java:323)
05-25 19:39:26.827 W/System.err( 5818): 	at f8.c.c(Unknown Source:18)
05-25 19:39:26.827 W/System.err( 5818): 	at D2.J.run(Unknown Source:445)
05-25 19:39:26.827 W/System.err( 5818): 	at java.util.concurrent.ThreadPoolExecutor.runWorker(ThreadPoolExecutor.java:1154)
05-25 19:39:26.827 W/System.err( 5818): 	at java.util.concurrent.ThreadPoolExecutor$Worker.run(ThreadPoolExecutor.java:652)
05-25 19:39:26.827 W/System.err( 5818): 	at java.lang.Thread.run(Thread.java:1564)
05-25 19:39:26.831 W/System.err( 7307): java.io.InterruptedIOException: read interrupted by close() on another thread
05-25 19:39:26.831 W/System.err( 7307): 	at libcore.io.Linux.readBytes(Native Method)
05-25 19:39:26.831 W/System.err( 7307): 	at libcore.io.Linux.read(Linux.java:231)
05-25 19:39:26.831 W/System.err( 7307): 	at libcore.io.ForwardingOs.read(ForwardingOs.java:624)
05-25 19:39:26.831 W/System.err( 7307): 	at libcore.io.BlockGuardOs.read(BlockGuardOs.java:325)
05-25 19:39:26.831 W/System.err( 7307): 	at libcore.io.ForwardingOs.read(ForwardingOs.java:624)
05-25 19:39:26.831 W/System.err( 7307): 	at libcore.io.IoBridge.read(IoBridge.java:604)
05-25 19:39:26.831 W/System.err( 7307): 	at java.io.FileInputStream.read(FileInputStream.java:353)
05-25 19:39:26.831 W/System.err( 7307): 	at android.os.ParcelFileDescriptor$AutoCloseInputStream.read(ParcelFileDescriptor.java:1074)
05-25 19:39:26.831 W/System.err( 7307): 	at java.io.DataInputStream.readFully(DataInputStream.java:203)
05-25 19:39:26.831 W/System.err( 7307): 	at java.io.DataInputStream.readUnsignedShort(DataInputStream.java:346)
05-25 19:39:26.831 W/System.err( 7307): 	at java.io.DataInputStream.readUTF(DataInputStream.java:591)
05-25 19:39:26.831 W/System.err( 7307): 	at java.io.DataInputStream.readUTF(DataInputStream.java:566)
05-25 19:39:26.831 W/System.err( 7307): 	at com.samsung.android.sdk.healthconnectivity.privileged.core.ServerSession$a$a.run(Unknown Source:33)
05-25 19:39:26.831 W/System.err( 7307): 	at java.util.concurrent.ThreadPoolExecutor.runWorker(ThreadPoolExecutor.java:1154)
05-25 19:39:26.831 W/System.err( 7307): 	at java.util.concurrent.ThreadPoolExecutor$Worker.run(ThreadPoolExecutor.java:652)
05-25 19:39:26.831 W/System.err( 7307): 	at java.lang.Thread.run(Thread.java:1564)
05-25 19:39:54.926 D/EnglishCarDiagnostics(11995): 19:39:54.924 Activity: onStop
05-25 19:40:02.954 D/EnglishCarDiagnostics(11995): 19:40:02.953 Activity: onStart
